// Vitest Snapshot v1, https://vitest.dev/guide/snapshot.html

exports[`PublicUserData > JSON.stringify returns the same object structure 1`] = `"{"firstName":"John","lastName":"Doe","imageUrl":"https://example.com/image.jpg","hasImage":true,"identifier":"john-doe","userId":"123"}"`;

exports[`PublicUserData JSON.stringify returns the same object structure 1`] = `"{"firstName":"John","lastName":"Doe","imageUrl":"https://example.com/image.jpg","hasImage":true,"identifier":"john-doe","userId":"123"}"`;
