// Vitest Snapshot v1, https://vitest.dev/guide/snapshot.html

exports[`Waitlist > has the same initial properties 1`] = `
Waitlist {
  "createdAt": 1970-01-01T00:00:12.345Z,
  "id": "test_id",
  "pathRoot": "/waitlist",
  "updatedAt": 1970-01-01T00:00:05.678Z,
}
`;

exports[`Waitlist has the same initial properties 1`] = `
Waitlist {
  "createdAt": 1970-01-01T00:00:12.345Z,
  "id": "test_id",
  "pathRoot": "/waitlist",
  "updatedAt": 1970-01-01T00:00:05.678Z,
}
`;
